// Jest Snapshot v1, https://goo.gl/fbAQLP

exports[`renders Button with icon correctly: enzyme.shallow 1`] = `
<ButtonStyles
  disabled={false}
  icon={
    <Icon
      icon="TickerSvg"
      size="s"
    />
  }
  iconDirection="left"
  mode="filled"
  size="m"
  stretched={false}
  type="error"
>
  <Icon
    icon="TickerSvg"
    size="s"
  />
  Test
</ButtonStyles>
`;

